// Jest Snapshot v1, https://goo.gl/fbAQLP

exports[`InputList should render the InputList Component correctly 1`] = `ReactWrapper {}`;

exports[`InputList should render the Label Component correctly 1`] = `ShallowWrapper {}`;

exports[`Label should render the Label Component correctly 1`] = `ShallowWrapper {}`;
